// Jest Snapshot v1, https://goo.gl/fbAQLP

exports[`Snapshot for row 1`] = `
<div
  class="sc-bczRLJ XhHPr"
  data-testid="row-id"
    <p>
      hi
    </p>
    <p>
      Hello
    </p>
</div>
`;
